Reading data for phone#4c410523#20190501
Column Family cell_plan
	data_plan_01gb:  @1578664800000000 [ ]
	data_plan_01gb:  @1578661200000000 [ ]
	data_plan_05gb:  @1578664800000000 [ ]
Column Family stats_summary
	connected_cell:  @1578664800000000 [ ]
	connected_wifi:  @1578664800000000 [ ]
	os_build:  @1578664800000000 [ ]

Reading data for phone#4c410523#20190502
Column Family cell_plan
	data_plan_05gb:  @1578664800000000 [ ]
Column Family stats_summary
	connected_cell:  @1578664800000000 [ ]
	connected_wifi:  @1578664800000000 [ ]
	os_build:  @1578664800000000 [ ]

Reading data for phone#4c410523#20190505
Column Family cell_plan
	data_plan_05gb:  @1578664800000000 [ ]
Column Family stats_summary
	connected_cell:  @1578664800000000 [ ]
	connected_wifi:  @1578664800000000 [ ]
	os_build:  @1578664800000000 [ ]

Reading data for phone#5c10102#20190501
Column Family cell_plan
	data_plan_10gb:  @1578664800000000 [ ]
Column Family stats_summary
	connected_cell:  @1578664800000000 [ ]
	connected_wifi:  @1578664800000000 [ ]
	os_build:  @1578664800000000 [ ]

Reading data for phone#5c10102#20190502
Column Family cell_plan
	data_plan_10gb:  @1578664800000000 [ ]
Column Family stats_summary
	connected_cell:  @1578664800000000 [ ]
	connected_wifi:  @1578664800000000 [ ]
	os_build:  @1578664800000000 [ ]

