Reading data for phone#4c410523#20190501
Column Family cell_plan
	data_plan_01gb: false @1578664800000000 [ ]
	data_plan_01gb: true @1578661200000000 [ ]
	data_plan_05gb: true @1578664800000000 [ ]

Reading data for phone#4c410523#20190502
Column Family cell_plan
	data_plan_05gb: true @1578664800000000 [ ]

Reading data for phone#4c410523#20190505
Column Family cell_plan
	data_plan_05gb: true @1578664800000000 [ ]

