Reading data for phone#4c410523#20190501
Column Family stats_summary
	os_build: PQ2A.190405.003 @1578664800000000 [ ]

Reading data for phone#4c410523#20190502
Column Family stats_summary
	os_build: PQ2A.190405.004 @1578664800000000 [ ]

Reading data for phone#4c410523#20190505
Column Family stats_summary
	os_build: PQ2A.190406.000 @1578664800000000 [ ]

Reading data for phone#5c10102#20190501
Column Family stats_summary
	os_build: PQ2A.190401.002 @1578664800000000 [ ]

Reading data for phone#5c10102#20190502
Column Family stats_summary
	os_build: PQ2A.190406.000 @1578664800000000 [ ]

