Reading data for phone#4c410523#20190501
Column Family stats_summary
	os_build: PQ2A.190405.003 @1578664800000000 [ ]

